Analysis & Synthesis report for main
Thu May 03 14:31:48 2018
Quartus II 64-Bit Version 13.1.0 Build 162 10/23/2013 SJ Web Edition


---------------------
; Table of Contents ;
---------------------
  1. Legal Notice
  2. Analysis & Synthesis Summary
  3. Analysis & Synthesis Settings
  4. Parallel Compilation
  5. Analysis & Synthesis Source Files Read
  6. Analysis & Synthesis Resource Usage Summary
  7. Analysis & Synthesis Resource Utilization by Entity
  8. State Machine - |IR_ins_selc1_alu_selc2_control_mem_pc|pc:U7|state
  9. State Machine - |IR_ins_selc1_alu_selc2_control_mem_pc|ram:U6|state
 10. State Machine - |IR_ins_selc1_alu_selc2_control_mem_pc|select_com:U5|state
 11. State Machine - |IR_ins_selc1_alu_selc2_control_mem_pc|alu:U4|state
 12. State Machine - |IR_ins_selc1_alu_selc2_control_mem_pc|select_1:U3|state
 13. State Machine - |IR_ins_selc1_alu_selc2_control_mem_pc|one_instruction:U2|state
 14. State Machine - |IR_ins_selc1_alu_selc2_control_mem_pc|controller:U1|state
 15. State Machine - |IR_ins_selc1_alu_selc2_control_mem_pc|IR:U0|state
 16. Registers Removed During Synthesis
 17. General Register Statistics
 18. Multiplexer Restructuring Statistics (Restructuring Performed)
 19. Port Connectivity Checks: "select_1:U3"
 20. Elapsed Time Per Partition
 21. Analysis & Synthesis Messages



----------------
; Legal Notice ;
----------------
Copyright (C) 1991-2013 Altera Corporation
Your use of Altera Corporation's design tools, logic functions 
and other software and tools, and its AMPP partner logic 
functions, and any output files from any of the foregoing 
(including device programming or simulation files), and any 
associated documentation or information are expressly subject 
to the terms and conditions of the Altera Program License 
Subscription Agreement, Altera MegaCore Function License 
Agreement, or other applicable license agreement, including, 
without limitation, that your use is for the sole purpose of 
programming logic devices manufactured by Altera and sold by 
Altera or its authorized distributors.  Please refer to the 
applicable agreement for further details.



+---------------------------------------------------------------------------------+
; Analysis & Synthesis Summary                                                    ;
+------------------------------------+--------------------------------------------+
; Analysis & Synthesis Status        ; Successful - Thu May 03 14:31:48 2018      ;
; Quartus II 64-Bit Version          ; 13.1.0 Build 162 10/23/2013 SJ Web Edition ;
; Revision Name                      ; main                                       ;
; Top-level Entity Name              ; IR_ins_selc1_alu_selc2_control_mem_pc      ;
; Family                             ; Cyclone IV GX                              ;
; Total logic elements               ; 284                                        ;
;     Total combinational functions  ; 165                                        ;
;     Dedicated logic registers      ; 191                                        ;
; Total registers                    ; 191                                        ;
; Total pins                         ; 27                                         ;
; Total virtual pins                 ; 0                                          ;
; Total memory bits                  ; 0                                          ;
; Embedded Multiplier 9-bit elements ; 0                                          ;
; Total GXB Receiver Channel PCS     ; 0                                          ;
; Total GXB Receiver Channel PMA     ; 0                                          ;
; Total GXB Transmitter Channel PCS  ; 0                                          ;
; Total GXB Transmitter Channel PMA  ; 0                                          ;
; Total PLLs                         ; 0                                          ;
+------------------------------------+--------------------------------------------+


+-----------------------------------------------------------------------------------------------------------------------------------------+
; Analysis & Synthesis Settings                                                                                                           ;
+----------------------------------------------------------------------------+---------------------------------------+--------------------+
; Option                                                                     ; Setting                               ; Default Value      ;
+----------------------------------------------------------------------------+---------------------------------------+--------------------+
; Top-level entity name                                                      ; IR_ins_selc1_alu_selc2_control_mem_pc ; main               ;
; Family name                                                                ; Cyclone IV GX                         ; Cyclone IV GX      ;
; Use smart compilation                                                      ; Off                                   ; Off                ;
; Enable parallel Assembler and TimeQuest Timing Analyzer during compilation ; On                                    ; On                 ;
; Enable compact report table                                                ; Off                                   ; Off                ;
; Restructure Multiplexers                                                   ; Auto                                  ; Auto               ;
; Create Debugging Nodes for IP Cores                                        ; Off                                   ; Off                ;
; Preserve fewer node names                                                  ; On                                    ; On                 ;
; Disable OpenCore Plus hardware evaluation                                  ; Off                                   ; Off                ;
; Verilog Version                                                            ; Verilog_2001                          ; Verilog_2001       ;
; VHDL Version                                                               ; VHDL_1993                             ; VHDL_1993          ;
; State Machine Processing                                                   ; Auto                                  ; Auto               ;
; Safe State Machine                                                         ; Off                                   ; Off                ;
; Extract Verilog State Machines                                             ; On                                    ; On                 ;
; Extract VHDL State Machines                                                ; On                                    ; On                 ;
; Ignore Verilog initial constructs                                          ; Off                                   ; Off                ;
; Iteration limit for constant Verilog loops                                 ; 5000                                  ; 5000               ;
; Iteration limit for non-constant Verilog loops                             ; 250                                   ; 250                ;
; Add Pass-Through Logic to Inferred RAMs                                    ; On                                    ; On                 ;
; Infer RAMs from Raw Logic                                                  ; On                                    ; On                 ;
; Parallel Synthesis                                                         ; On                                    ; On                 ;
; DSP Block Balancing                                                        ; Auto                                  ; Auto               ;
; NOT Gate Push-Back                                                         ; On                                    ; On                 ;
; Power-Up Don't Care                                                        ; On                                    ; On                 ;
; Remove Redundant Logic Cells                                               ; Off                                   ; Off                ;
; Remove Duplicate Registers                                                 ; On                                    ; On                 ;
; Ignore CARRY Buffers                                                       ; Off                                   ; Off                ;
; Ignore CASCADE Buffers                                                     ; Off                                   ; Off                ;
; Ignore GLOBAL Buffers                                                      ; Off                                   ; Off                ;
; Ignore ROW GLOBAL Buffers                                                  ; Off                                   ; Off                ;
; Ignore LCELL Buffers                                                       ; Off                                   ; Off                ;
; Ignore SOFT Buffers                                                        ; On                                    ; On                 ;
; Limit AHDL Integers to 32 Bits                                             ; Off                                   ; Off                ;
; Optimization Technique                                                     ; Balanced                              ; Balanced           ;
; Carry Chain Length                                                         ; 70                                    ; 70                 ;
; Auto Carry Chains                                                          ; On                                    ; On                 ;
; Auto Open-Drain Pins                                                       ; On                                    ; On                 ;
; Perform WYSIWYG Primitive Resynthesis                                      ; Off                                   ; Off                ;
; Auto ROM Replacement                                                       ; On                                    ; On                 ;
; Auto RAM Replacement                                                       ; On                                    ; On                 ;
; Auto DSP Block Replacement                                                 ; On                                    ; On                 ;
; Auto Shift Register Replacement                                            ; Auto                                  ; Auto               ;
; Allow Shift Register Merging across Hierarchies                            ; Auto                                  ; Auto               ;
; Auto Clock Enable Replacement                                              ; On                                    ; On                 ;
; Strict RAM Replacement                                                     ; Off                                   ; Off                ;
; Allow Synchronous Control Signals                                          ; On                                    ; On                 ;
; Force Use of Synchronous Clear Signals                                     ; Off                                   ; Off                ;
; Auto RAM Block Balancing                                                   ; On                                    ; On                 ;
; Auto RAM to Logic Cell Conversion                                          ; Off                                   ; Off                ;
; Auto Resource Sharing                                                      ; Off                                   ; Off                ;
; Allow Any RAM Size For Recognition                                         ; Off                                   ; Off                ;
; Allow Any ROM Size For Recognition                                         ; Off                                   ; Off                ;
; Allow Any Shift Register Size For Recognition                              ; Off                                   ; Off                ;
; Use LogicLock Constraints during Resource Balancing                        ; On                                    ; On                 ;
; Ignore translate_off and synthesis_off directives                          ; Off                                   ; Off                ;
; Timing-Driven Synthesis                                                    ; On                                    ; On                 ;
; Report Parameter Settings                                                  ; On                                    ; On                 ;
; Report Source Assignments                                                  ; On                                    ; On                 ;
; Report Connectivity Checks                                                 ; On                                    ; On                 ;
; Ignore Maximum Fan-Out Assignments                                         ; Off                                   ; Off                ;
; Synchronization Register Chain Length                                      ; 2                                     ; 2                  ;
; PowerPlay Power Optimization                                               ; Normal compilation                    ; Normal compilation ;
; HDL message level                                                          ; Level2                                ; Level2             ;
; Suppress Register Optimization Related Messages                            ; Off                                   ; Off                ;
; Number of Removed Registers Reported in Synthesis Report                   ; 5000                                  ; 5000               ;
; Number of Swept Nodes Reported in Synthesis Report                         ; 5000                                  ; 5000               ;
; Number of Inverted Registers Reported in Synthesis Report                  ; 100                                   ; 100                ;
; Clock MUX Protection                                                       ; On                                    ; On                 ;
; Auto Gated Clock Conversion                                                ; Off                                   ; Off                ;
; Block Design Naming                                                        ; Auto                                  ; Auto               ;
; SDC constraint protection                                                  ; Off                                   ; Off                ;
; Synthesis Effort                                                           ; Auto                                  ; Auto               ;
; Shift Register Replacement - Allow Asynchronous Clear Signal               ; On                                    ; On                 ;
; Pre-Mapping Resynthesis Optimization                                       ; Off                                   ; Off                ;
; Analysis & Synthesis Message Level                                         ; Medium                                ; Medium             ;
; Disable Register Merging Across Hierarchies                                ; Auto                                  ; Auto               ;
; Resource Aware Inference For Block RAM                                     ; On                                    ; On                 ;
; Synthesis Seed                                                             ; 1                                     ; 1                  ;
+----------------------------------------------------------------------------+---------------------------------------+--------------------+


+------------------------------------------+
; Parallel Compilation                     ;
+----------------------------+-------------+
; Processors                 ; Number      ;
+----------------------------+-------------+
; Number detected on machine ; 4           ;
; Maximum allowed            ; 4           ;
;                            ;             ;
; Average used               ; 1.00        ;
; Maximum used               ; 1           ;
;                            ;             ;
; Usage by Processor         ; % Time Used ;
;     Processor 1            ; 100.0%      ;
;     Processors 2-4         ;   0.0%      ;
+----------------------------+-------------+


+------------------------------------------------------------------------------------------------------------------------------------------------------+
; Analysis & Synthesis Source Files Read                                                                                                               ;
+-------------------------------------------+-----------------+-----------------+------------------------------------------------------------+---------+
; File Name with User-Entered Path          ; Used in Netlist ; File Type       ; File Name with Absolute Path                               ; Library ;
+-------------------------------------------+-----------------+-----------------+------------------------------------------------------------+---------+
; select_com.vhd                            ; yes             ; User VHDL File  ; C:/altera/newPro/select_com.vhd                            ;         ;
; select_1.vhd                              ; yes             ; User VHDL File  ; C:/altera/newPro/select_1.vhd                              ;         ;
; ram.vhd                                   ; yes             ; User VHDL File  ; C:/altera/newPro/ram.vhd                                   ;         ;
; pc.vhd                                    ; yes             ; User VHDL File  ; C:/altera/newPro/pc.vhd                                    ;         ;
; one_instruction.vhd                       ; yes             ; User VHDL File  ; C:/altera/newPro/one_instruction.vhd                       ;         ;
; IR_ins_selc1_alu_selc2_control_mem_pc.vhd ; yes             ; User VHDL File  ; C:/altera/newPro/IR_ins_selc1_alu_selc2_control_mem_pc.vhd ;         ;
; IR.vhd                                    ; yes             ; User VHDL File  ; C:/altera/newPro/IR.vhd                                    ;         ;
; controller.vhd                            ; yes             ; User VHDL File  ; C:/altera/newPro/controller.vhd                            ;         ;
; alu.vhd                                   ; yes             ; User VHDL File  ; C:/altera/newPro/alu.vhd                                   ;         ;
+-------------------------------------------+-----------------+-----------------+------------------------------------------------------------+---------+


+---------------------------------------------+
; Analysis & Synthesis Resource Usage Summary ;
+--------------------------+------------------+
; Resource                 ; Usage            ;
+--------------------------+------------------+
; I/O pins                 ; 27               ;
; DSP block 9-bit elements ; 0                ;
; Maximum fan-out node     ; clk~input        ;
; Maximum fan-out          ; 191              ;
; Total fan-out            ; 1270             ;
; Average fan-out          ; 3.10             ;
+--------------------------+------------------+


+-------------------------------------------------------------------------------------------------------------------------------------------------------------------------------------------------------------------------------------------+
; Analysis & Synthesis Resource Utilization by Entity                                                                                                                                                                                       ;
+----------------------------------------+-------------------+--------------+-------------+--------------+---------+-----------+-----------+------+--------------+-----------------------------------------------------------+--------------+
; Compilation Hierarchy Node             ; LC Combinationals ; LC Registers ; Memory Bits ; DSP Elements ; DSP 9x9 ; DSP 18x18 ; DSP 36x36 ; Pins ; Virtual Pins ; Full Hierarchy Name                                       ; Library Name ;
+----------------------------------------+-------------------+--------------+-------------+--------------+---------+-----------+-----------+------+--------------+-----------------------------------------------------------+--------------+
; |IR_ins_selc1_alu_selc2_control_mem_pc ; 165 (0)           ; 191 (0)      ; 0           ; 0            ; 0       ; 0         ; 0         ; 27   ; 0            ; |IR_ins_selc1_alu_selc2_control_mem_pc                    ; work         ;
;    |IR:U0|                             ; 16 (16)           ; 37 (37)      ; 0           ; 0            ; 0       ; 0         ; 0         ; 0    ; 0            ; |IR_ins_selc1_alu_selc2_control_mem_pc|IR:U0              ; work         ;
;    |alu:U4|                            ; 14 (14)           ; 13 (13)      ; 0           ; 0            ; 0       ; 0         ; 0         ; 0    ; 0            ; |IR_ins_selc1_alu_selc2_control_mem_pc|alu:U4             ; work         ;
;    |controller:U1|                     ; 5 (5)             ; 8 (8)        ; 0           ; 0            ; 0       ; 0         ; 0         ; 0    ; 0            ; |IR_ins_selc1_alu_selc2_control_mem_pc|controller:U1      ; work         ;
;    |one_instruction:U2|                ; 15 (15)           ; 15 (15)      ; 0           ; 0            ; 0       ; 0         ; 0         ; 0    ; 0            ; |IR_ins_selc1_alu_selc2_control_mem_pc|one_instruction:U2 ; work         ;
;    |pc:U7|                             ; 16 (16)           ; 13 (13)      ; 0           ; 0            ; 0       ; 0         ; 0         ; 0    ; 0            ; |IR_ins_selc1_alu_selc2_control_mem_pc|pc:U7              ; work         ;
;    |ram:U6|                            ; 84 (84)           ; 79 (79)      ; 0           ; 0            ; 0       ; 0         ; 0         ; 0    ; 0            ; |IR_ins_selc1_alu_selc2_control_mem_pc|ram:U6             ; work         ;
;    |select_1:U3|                       ; 6 (6)             ; 12 (12)      ; 0           ; 0            ; 0       ; 0         ; 0         ; 0    ; 0            ; |IR_ins_selc1_alu_selc2_control_mem_pc|select_1:U3        ; work         ;
;    |select_com:U5|                     ; 9 (9)             ; 14 (14)      ; 0           ; 0            ; 0       ; 0         ; 0         ; 0    ; 0            ; |IR_ins_selc1_alu_selc2_control_mem_pc|select_com:U5      ; work         ;
+----------------------------------------+-------------------+--------------+-------------+--------------+---------+-----------+-----------+------+--------------+-----------------------------------------------------------+--------------+
Note: For table entries with two numbers listed, the numbers in parentheses indicate the number of resources of the given type used by the specific entity alone. The numbers listed outside of parentheses indicate the total resources of the given type used by the specific entity and all of its sub-entities in the hierarchy.


Encoding Type:  One-Hot
+----------------------------------------------------------------------------------------+
; State Machine - |IR_ins_selc1_alu_selc2_control_mem_pc|pc:U7|state                     ;
+------------------+------------------+--------------+-----------------+-----------------+
; Name             ; state.success_st ; state.add_pc ; state.wait_sign ; state.start_pro ;
+------------------+------------------+--------------+-----------------+-----------------+
; state.start_pro  ; 0                ; 0            ; 0               ; 0               ;
; state.wait_sign  ; 0                ; 0            ; 1               ; 1               ;
; state.add_pc     ; 0                ; 1            ; 0               ; 1               ;
; state.success_st ; 1                ; 0            ; 0               ; 1               ;
+------------------+------------------+--------------+-----------------+-----------------+


Encoding Type:  One-Hot
+--------------------------------------------------------------------------------------------------------------------------------------------------------+
; State Machine - |IR_ins_selc1_alu_selc2_control_mem_pc|ram:U6|state                                                                                    ;
+------------------------+------------------+--------------------+-----------------------+---------------------+------------------------+----------------+
; Name                   ; state.success_st ; state.load_data_st ; state.load_address_st ; state.store_data_st ; state.store_address_st ; state.start_st ;
+------------------------+------------------+--------------------+-----------------------+---------------------+------------------------+----------------+
; state.start_st         ; 0                ; 0                  ; 0                     ; 0                   ; 0                      ; 0              ;
; state.store_address_st ; 0                ; 0                  ; 0                     ; 0                   ; 1                      ; 1              ;
; state.store_data_st    ; 0                ; 0                  ; 0                     ; 1                   ; 0                      ; 1              ;
; state.load_address_st  ; 0                ; 0                  ; 1                     ; 0                   ; 0                      ; 1              ;
; state.load_data_st     ; 0                ; 1                  ; 0                     ; 0                   ; 0                      ; 1              ;
; state.success_st       ; 1                ; 0                  ; 0                     ; 0                   ; 0                      ; 1              ;
+------------------------+------------------+--------------------+-----------------------+---------------------+------------------------+----------------+


Encoding Type:  One-Hot
+-----------------------------------------------------------------------------+
; State Machine - |IR_ins_selc1_alu_selc2_control_mem_pc|select_com:U5|state  ;
+---------------------+---------------------+----------------+----------------+
; Name                ; state.store_load_st ; state.adder_st ; state.start_st ;
+---------------------+---------------------+----------------+----------------+
; state.start_st      ; 0                   ; 0              ; 0              ;
; state.adder_st      ; 0                   ; 1              ; 1              ;
; state.store_load_st ; 1                   ; 0              ; 1              ;
+---------------------+---------------------+----------------+----------------+


Encoding Type:  One-Hot
+------------------------------------------------------------------------------------------------+
; State Machine - |IR_ins_selc1_alu_selc2_control_mem_pc|alu:U4|state                            ;
+---------------------+------------------+---------------------+----------------+----------------+
; Name                ; state.success_st ; state.store_load_st ; state.adder_st ; state.start_st ;
+---------------------+------------------+---------------------+----------------+----------------+
; state.start_st      ; 0                ; 0                   ; 0              ; 0              ;
; state.adder_st      ; 0                ; 0                   ; 1              ; 1              ;
; state.store_load_st ; 0                ; 1                   ; 0              ; 1              ;
; state.success_st    ; 1                ; 0                   ; 0              ; 1              ;
+---------------------+------------------+---------------------+----------------+----------------+


Encoding Type:  One-Hot
+-----------------------------------------------------------------------------+
; State Machine - |IR_ins_selc1_alu_selc2_control_mem_pc|select_1:U3|state    ;
+---------------------+---------------------+----------------+----------------+
; Name                ; state.store_load_st ; state.adder_st ; state.start_st ;
+---------------------+---------------------+----------------+----------------+
; state.start_st      ; 0                   ; 0              ; 0              ;
; state.adder_st      ; 0                   ; 1              ; 1              ;
; state.store_load_st ; 1                   ; 0              ; 1              ;
+---------------------+---------------------+----------------+----------------+


Encoding Type:  One-Hot
+-----------------------------------------------------------------------------------------------+
; State Machine - |IR_ins_selc1_alu_selc2_control_mem_pc|one_instruction:U2|state               ;
+---------------------+------------------+---------------------+----------------+---------------+
; Name                ; state.success_st ; state.store_load_st ; state.adder_st ; state.wait_st ;
+---------------------+------------------+---------------------+----------------+---------------+
; state.wait_st       ; 0                ; 0                   ; 0              ; 0             ;
; state.adder_st      ; 0                ; 0                   ; 1              ; 1             ;
; state.store_load_st ; 0                ; 1                   ; 0              ; 1             ;
; state.success_st    ; 1                ; 0                   ; 0              ; 1             ;
+---------------------+------------------+---------------------+----------------+---------------+


Encoding Type:  One-Hot
+----------------------------------------------------------------------------------+
; State Machine - |IR_ins_selc1_alu_selc2_control_mem_pc|controller:U1|state       ;
+----------------+---------------+----------------+----------------+---------------+
; Name           ; state.load_st ; state.store_st ; state.adder_st ; state.wait_st ;
+----------------+---------------+----------------+----------------+---------------+
; state.wait_st  ; 0             ; 0              ; 0              ; 0             ;
; state.adder_st ; 0             ; 0              ; 1              ; 1             ;
; state.store_st ; 0             ; 1              ; 0              ; 1             ;
; state.load_st  ; 1             ; 0              ; 0              ; 1             ;
+----------------+---------------+----------------+----------------+---------------+


Encoding Type:  One-Hot
+--------------------------------------------------------------------------------------------------------------------------------------+
; State Machine - |IR_ins_selc1_alu_selc2_control_mem_pc|IR:U0|state                                                                   ;
+--------------------+------------------+------------------+-----------------+--------------------+--------------------+---------------+
; Name               ; state.fetch_data ; state.buffer_st2 ; state.buffer_st ; state.fetch_opcode ; state.orgnize_data ; state.wait_pc ;
+--------------------+------------------+------------------+-----------------+--------------------+--------------------+---------------+
; state.wait_pc      ; 0                ; 0                ; 0               ; 0                  ; 0                  ; 0             ;
; state.orgnize_data ; 0                ; 0                ; 0               ; 0                  ; 1                  ; 1             ;
; state.fetch_opcode ; 0                ; 0                ; 0               ; 1                  ; 0                  ; 1             ;
; state.buffer_st    ; 0                ; 0                ; 1               ; 0                  ; 0                  ; 1             ;
; state.buffer_st2   ; 0                ; 1                ; 0               ; 0                  ; 0                  ; 1             ;
; state.fetch_data   ; 1                ; 0                ; 0               ; 0                  ; 0                  ; 1             ;
+--------------------+------------------+------------------+-----------------+--------------------+--------------------+---------------+


+----------------------------------------------------------------------------------+
; Registers Removed During Synthesis                                               ;
+----------------------------------------+-----------------------------------------+
; Register name                          ; Reason for Removal                      ;
+----------------------------------------+-----------------------------------------+
; controller:U1|o_select_1[2]            ; Stuck at GND due to stuck port data_in  ;
; controller:U1|o_select_2[2]            ; Stuck at GND due to stuck port data_in  ;
; controller:U1|o_alu[2]                 ; Stuck at GND due to stuck port data_in  ;
; controller:U1|o_one_instr[2]           ; Stuck at GND due to stuck port data_in  ;
; controller:U1|o_one_instr[1]           ; Merged with controller:U1|o_select_1[1] ;
; controller:U1|o_alu[1]                 ; Merged with controller:U1|o_select_1[1] ;
; controller:U1|o_select_2[1]            ; Merged with controller:U1|o_select_1[1] ;
; controller:U1|o_one_instr[0]           ; Merged with controller:U1|o_select_1[0] ;
; controller:U1|o_select_2[0]            ; Merged with controller:U1|o_select_1[0] ;
; controller:U1|o_alu[0]                 ; Merged with controller:U1|o_select_1[0] ;
; IR:U0|o_reg_B[2]                       ; Merged with IR:U0|o_reg_B[0]            ;
; IR:U0|temp_reg_B[2]                    ; Merged with IR:U0|temp_reg_B[0]         ;
; IR:U0|temp_assambly[2]                 ; Merged with IR:U0|temp_assambly[0]      ;
; one_instruction:U2|state.success_st    ; Stuck at GND due to stuck port data_in  ;
; one_instruction:U2|state.store_load_st ; Lost fanout                             ;
; Total Number of Removed Registers = 15 ;                                         ;
+----------------------------------------+-----------------------------------------+


+------------------------------------------------------+
; General Register Statistics                          ;
+----------------------------------------------+-------+
; Statistic                                    ; Value ;
+----------------------------------------------+-------+
; Total registers                              ; 191   ;
; Number of registers using Synchronous Clear  ; 0     ;
; Number of registers using Synchronous Load   ; 4     ;
; Number of registers using Asynchronous Clear ; 114   ;
; Number of registers using Asynchronous Load  ; 0     ;
; Number of registers using Clock Enable       ; 146   ;
; Number of registers using Preset             ; 0     ;
+----------------------------------------------+-------+


+---------------------------------------------------------------------------------------------------------------------------------------------------------------------------------------------+
; Multiplexer Restructuring Statistics (Restructuring Performed)                                                                                                                              ;
+--------------------+-----------+---------------+----------------------+------------------------+------------+-------------------------------------------------------------------------------+
; Multiplexer Inputs ; Bus Width ; Baseline Area ; Area if Restructured ; Saving if Restructured ; Registered ; Example Multiplexer Output                                                    ;
+--------------------+-----------+---------------+----------------------+------------------------+------------+-------------------------------------------------------------------------------+
; 3:1                ; 4 bits    ; 8 LEs         ; 4 LEs                ; 4 LEs                  ; Yes        ; |IR_ins_selc1_alu_selc2_control_mem_pc|one_instruction:U2|tem_reg_C[0]        ;
; 3:1                ; 4 bits    ; 8 LEs         ; 0 LEs                ; 8 LEs                  ; Yes        ; |IR_ins_selc1_alu_selc2_control_mem_pc|ram:U6|addr[1]                         ;
; 3:1                ; 4 bits    ; 8 LEs         ; 0 LEs                ; 8 LEs                  ; Yes        ; |IR_ins_selc1_alu_selc2_control_mem_pc|one_instruction:U2|o_reg_A[2]          ;
; 4:1                ; 4 bits    ; 8 LEs         ; 4 LEs                ; 4 LEs                  ; Yes        ; |IR_ins_selc1_alu_selc2_control_mem_pc|pc:U7|pc_o[0]                          ;
; 5:1                ; 4 bits    ; 12 LEs        ; 4 LEs                ; 8 LEs                  ; Yes        ; |IR_ins_selc1_alu_selc2_control_mem_pc|alu:U4|temp_result[3]                  ;
; 5:1                ; 4 bits    ; 12 LEs        ; 4 LEs                ; 8 LEs                  ; Yes        ; |IR_ins_selc1_alu_selc2_control_mem_pc|one_instruction:U2|o_reg_B[2]          ;
; 5:1                ; 3 bits    ; 9 LEs         ; 6 LEs                ; 3 LEs                  ; No         ; |IR_ins_selc1_alu_selc2_control_mem_pc|select_com:U5|Selector4                ;
; 5:1                ; 3 bits    ; 9 LEs         ; 6 LEs                ; 3 LEs                  ; No         ; |IR_ins_selc1_alu_selc2_control_mem_pc|select_1:U3|Selector1                  ;
; 5:1                ; 3 bits    ; 9 LEs         ; 9 LEs                ; 0 LEs                  ; No         ; |IR_ins_selc1_alu_selc2_control_mem_pc|controller:U1|state                    ;
; 6:1                ; 2 bits    ; 8 LEs         ; 4 LEs                ; 4 LEs                  ; No         ; |IR_ins_selc1_alu_selc2_control_mem_pc|pc:U7|Selector8                        ;
; 5:1                ; 2 bits    ; 6 LEs         ; 6 LEs                ; 0 LEs                  ; No         ; |IR_ins_selc1_alu_selc2_control_mem_pc|ram:U6|Selector5                       ;
; 6:1                ; 2 bits    ; 8 LEs         ; 6 LEs                ; 2 LEs                  ; No         ; |IR_ins_selc1_alu_selc2_control_mem_pc|ram:U6|Selector4                       ;
; 6:1                ; 2 bits    ; 8 LEs         ; 4 LEs                ; 4 LEs                  ; No         ; |IR_ins_selc1_alu_selc2_control_mem_pc|alu:U4|Selector0                       ;
; 5:1                ; 2 bits    ; 6 LEs         ; 4 LEs                ; 2 LEs                  ; No         ; |IR_ins_selc1_alu_selc2_control_mem_pc|one_instruction:U2|state.success_st    ;
; 6:1                ; 2 bits    ; 8 LEs         ; 6 LEs                ; 2 LEs                  ; No         ; |IR_ins_selc1_alu_selc2_control_mem_pc|ram:U6|Selector1                       ;
; 8:1                ; 2 bits    ; 10 LEs        ; 6 LEs                ; 4 LEs                  ; No         ; |IR_ins_selc1_alu_selc2_control_mem_pc|alu:U4|Selector1                       ;
; 7:1                ; 2 bits    ; 8 LEs         ; 4 LEs                ; 4 LEs                  ; No         ; |IR_ins_selc1_alu_selc2_control_mem_pc|one_instruction:U2|state.store_load_st ;
+--------------------+-----------+---------------+----------------------+------------------------+------------+-------------------------------------------------------------------------------+


+------------------------------------------------------------------------------------------------------------------------+
; Port Connectivity Checks: "select_1:U3"                                                                                ;
+--------------+--------+----------+-------------------------------------------------------------------------------------+
; Port         ; Type   ; Severity ; Details                                                                             ;
+--------------+--------+----------+-------------------------------------------------------------------------------------+
; sig_data_mem ; Output ; Info     ; Connected to dangling logic. Logic that only feeds a dangling port will be removed. ;
+--------------+--------+----------+-------------------------------------------------------------------------------------+


+-------------------------------+
; Elapsed Time Per Partition    ;
+----------------+--------------+
; Partition Name ; Elapsed Time ;
+----------------+--------------+
; Top            ; 00:00:00     ;
+----------------+--------------+


+-------------------------------+
; Analysis & Synthesis Messages ;
+-------------------------------+
Info: *******************************************************************
Info: Running Quartus II 64-Bit Analysis & Synthesis
    Info: Version 13.1.0 Build 162 10/23/2013 SJ Web Edition
    Info: Processing started: Thu May 03 14:31:46 2018
Info: Command: quartus_map --read_settings_files=on --write_settings_files=off main -c main
Info (20030): Parallel compilation is enabled and will use 4 of the 4 processors detected
Info (12021): Found 2 design units, including 1 entities, in source file select_com.vhd
    Info (12022): Found design unit 1: select_com-behev
    Info (12023): Found entity 1: select_com
Info (12021): Found 2 design units, including 1 entities, in source file select_1.vhd
    Info (12022): Found design unit 1: select_1-behev
    Info (12023): Found entity 1: select_1
Info (12021): Found 2 design units, including 1 entities, in source file ram.vhd
    Info (12022): Found design unit 1: ram-bev
    Info (12023): Found entity 1: ram
Info (12021): Found 2 design units, including 1 entities, in source file pc.vhd
    Info (12022): Found design unit 1: pc-behev
    Info (12023): Found entity 1: pc
Info (12021): Found 2 design units, including 1 entities, in source file one_instruction.vhd
    Info (12022): Found design unit 1: one_instruction-behev
    Info (12023): Found entity 1: one_instruction
Info (12021): Found 2 design units, including 1 entities, in source file ir_ins_selc1_alu_selc2_control_mem_pc.vhd
    Info (12022): Found design unit 1: IR_ins_selc1_alu_selc2_control_mem_pc-behev
    Info (12023): Found entity 1: IR_ins_selc1_alu_selc2_control_mem_pc
Info (12021): Found 2 design units, including 1 entities, in source file ir.vhd
    Info (12022): Found design unit 1: IR-behev
    Info (12023): Found entity 1: IR
Info (12021): Found 2 design units, including 1 entities, in source file controller.vhd
    Info (12022): Found design unit 1: controller-behev
    Info (12023): Found entity 1: controller
Info (12021): Found 2 design units, including 1 entities, in source file alu_selcom_mem.vhd
    Info (12022): Found design unit 1: alu_selCom_mem-behev
    Info (12023): Found entity 1: alu_selCom_mem
Info (12021): Found 2 design units, including 1 entities, in source file alu.vhd
    Info (12022): Found design unit 1: alu-behev
    Info (12023): Found entity 1: alu
Info (12127): Elaborating entity "IR_ins_selc1_alu_selc2_control_mem_pc" for the top level hierarchy
Warning (10036): Verilog HDL or VHDL warning at IR_ins_selc1_alu_selc2_control_mem_pc.vhd(131): object "temp_sign_mem_slc1" assigned a value but never read
Info (12128): Elaborating entity "IR" for hierarchy "IR:U0"
Info (12128): Elaborating entity "controller" for hierarchy "controller:U1"
Info (12128): Elaborating entity "one_instruction" for hierarchy "one_instruction:U2"
Info (12128): Elaborating entity "select_1" for hierarchy "select_1:U3"
Info (12128): Elaborating entity "alu" for hierarchy "alu:U4"
Info (12128): Elaborating entity "select_com" for hierarchy "select_com:U5"
Warning (10492): VHDL Process Statement warning at select_com.vhd(26): signal "rst" is read inside the Process Statement but isn't in the Process Statement's sensitivity list
Info (12128): Elaborating entity "ram" for hierarchy "ram:U6"
Info (12128): Elaborating entity "pc" for hierarchy "pc:U7"
Info (276014): Found 2 instances of uninferred RAM logic
    Info (276004): RAM logic "ram:U6|memory" is uninferred due to inappropriate RAM size
    Info (276004): RAM logic "IR:U0|memory" is uninferred due to inappropriate RAM size
Warning (113028): 7 out of 16 addresses are uninitialized. The Quartus II software will initialize them to "0". There are 1 warnings found, and 1 warnings are reported.
    Warning (113027): Addresses ranging from 9 to 15 are not initialized
Warning (13024): Output pins are stuck at VCC or GND
    Warning (13410): Pin "t_opCode[2]" is stuck at GND
Info (286030): Timing-Driven Synthesis is running
Info (17049): 1 registers lost all their fanouts during netlist optimizations.
Info (16010): Generating hard_block partition "hard_block:auto_generated_inst"
    Info (16011): Adding 0 node(s), including 0 DDIO, 0 PLL, 0 transceiver and 0 LCELL
Info (21057): Implemented 314 device resources after synthesis - the final resource count might be different
    Info (21058): Implemented 3 input pins
    Info (21059): Implemented 24 output pins
    Info (21061): Implemented 287 logic cells
Info: Quartus II 64-Bit Analysis & Synthesis was successful. 0 errors, 6 warnings
    Info: Peak virtual memory: 659 megabytes
    Info: Processing ended: Thu May 03 14:31:48 2018
    Info: Elapsed time: 00:00:02
    Info: Total CPU time (on all processors): 00:00:02


